[14:21:27.737] [DEBUG] Command "yarn.cmd" not found, trying next variation...
[14:21:27.883] [DEBUG] Command "yarn.exe" not found, trying next variation...
[14:21:28.091] [DEBUG] Command "yarn.ps1" not found, trying next variation...
[14:21:28.418] [DEBUG] Command "pnpm.cmd" not found, trying next variation...
[14:21:28.569] [DEBUG] Command "pnpm.exe" not found, trying next variation...
[14:21:28.765] [DEBUG] Command "pnpm.ps1" not found, trying next variation...
[14:21:30.200] [INFO] [36mInitializing Storybook[39m
[14:21:30.375] [DEBUG] Command "yarn.cmd" not found, trying next variation...
[14:21:30.550] [DEBUG] Command "yarn.exe" not found, trying next variation...
[14:21:30.675] [DEBUG] Command "yarn.ps1" not found, trying next variation...
[14:21:30.912] [DEBUG] Command "pnpm.cmd" not found, trying next variation...
[14:21:31.033] [DEBUG] Command "pnpm.exe" not found, trying next variation...
[14:21:31.163] [DEBUG] Command "pnpm.ps1" not found, trying next variation...
[14:21:32.845] [DEBUG] Getting package.json info for D:/Users/Shreesha/Desktop/everything-angular/angular-routes/package.json...
[14:21:32.845] [INFO] Package manager: npm
[14:21:32.848] [DEBUG] Getting CLI versions from NPM for storybook...
[14:21:32.848] [DEBUG] Executing command: npm info storybook version
[14:21:32.850] [DEBUG] Resolved command variation: npm.cmd
[14:21:37.107] [INFO] Adding Storybook version 10.4.4 to your project
[14:21:37.108] [DEBUG] Executing command: npm config get min-release-age --workspaces=false --include-workspace-root
[14:21:37.109] [DEBUG] Resolved command variation: npm.cmd
[14:21:38.947] [DEBUG] Using cached package.json for D:\Users\Shreesha\Desktop\everything-angular\angular-routes\package.json...
[14:21:38.949] [DEBUG] Project type detected: angular
[14:21:38.950] [DEBUG] Using cached package.json for D:\Users\Shreesha\Desktop\everything-angular\angular-routes\package.json...
[14:21:38.957] [INFO] Framework detected: angular
[14:21:38.958] [DEBUG] Getting installed version for vitest...
[14:21:38.962] [DEBUG] Executing command: npm ls --json --depth=99 2>NUL
[14:21:38.964] [DEBUG] Resolved command variation: npm.cmd
[14:21:42.877] [DEBUG] Executing command: npm ls --json --depth=0 2>NUL
[14:21:42.878] [DEBUG] Resolved command variation: npm.cmd
[14:21:46.216] [DEBUG] Error finding installations for vitest: ExecaError: Command failed with exit code 1: npm.cmd ls --json "--depth=0" "2>NUL"

npm error code EINVALIDTAGNAME
npm error Invalid tag name "2>NUL" of package "2>NUL": Tags may not have any characters that encodeURIComponent encodes.
npm error A complete log of this run can be found in: D:\Users\Shreesha\AppData\Local\npm-cache\_logs\2026-06-15T08_51_44_043Z-debug-0.log

{
  "error": {
    "code": "EINVALIDTAGNAME",
    "summary": "Invalid tag name \"2>NUL\" of package \"2>NUL\": Tags may not have any characters that encodeURIComponent encodes.",
    "detail": ""
  }
}
[14:21:46.216] [DEBUG] No installations found for vitest
[14:21:46.216] [DEBUG] Getting installed version for msw...
[14:21:46.216] [DEBUG] Executing command: npm ls --json --depth=99 2>NUL
[14:21:46.219] [DEBUG] Resolved command variation: npm.cmd
[14:21:50.260] [DEBUG] Executing command: npm ls --json --depth=0 2>NUL
[14:21:50.261] [DEBUG] Resolved command variation: npm.cmd
[14:21:53.705] [DEBUG] Error finding installations for msw: ExecaError: Command failed with exit code 1: npm.cmd ls --json "--depth=0" "2>NUL"

npm error code EINVALIDTAGNAME
npm error Invalid tag name "2>NUL" of package "2>NUL": Tags may not have any characters that encodeURIComponent encodes.
npm error A complete log of this run can be found in: D:\Users\Shreesha\AppData\Local\npm-cache\_logs\2026-06-15T08_51_51_419Z-debug-0.log

{
  "error": {
    "code": "EINVALIDTAGNAME",
    "summary": "Invalid tag name \"2>NUL\" of package \"2>NUL\": Tags may not have any characters that encodeURIComponent encodes.",
    "detail": ""
  }
}
[14:21:53.705] [DEBUG] No installations found for msw
[14:22:52.202] [PROMPT] What configuration should we install? {"choice":"recommended"}
[14:22:52.203] [INFO] Storybook collects completely anonymous usage telemetry. We use it to shape Storybook's roadmap and prioritize features. You can learn more, including how to opt out, at https://storybook.js.org/telemetry
[14:22:53.093] [INFO] Adding Storybook support to your "angular-routes" project
[14:22:53.094] [INFO] Compodoc is a great tool to generate documentation for your Angular projects. Storybook can use the documentation generated by Compodoc to extract argument definitions and JSDOC comments to display them in the Storybook UI. We highly recommend using Compodoc for your Angular projects to get the best experience out of Storybook.
[14:22:55.969] [PROMPT] Do you want to use Compodoc for documentation? {"choice":true}
[14:22:55.971] [DEBUG] Getting dependency version for @angular/core...
[14:22:55.971] [DEBUG] Using cached package.json for D:\Users\Shreesha\Desktop\everything-angular\angular-routes\package.json...
[14:22:55.972] [DEBUG] Getting package.json info for D:/Users/Shreesha/Desktop/everything-angular/angular-routes/package.json...
[14:22:55.972] [DEBUG] Using cached package.json for D:\Users\Shreesha\Desktop\everything-angular\angular-routes\package.json...
[14:22:55.973] [DEBUG] Using cached package.json for D:\Users\Shreesha\Desktop\everything-angular\angular-routes\package.json...
[14:22:55.996] [INFO] base-generator-task-start: Generating Storybook configuration
[14:22:55.996] [DEBUG] Using cached package.json for D:\Users\Shreesha\Desktop\everything-angular\angular-routes\package.json...
[14:22:55.996] [DEBUG] Using cached package.json for D:\Users\Shreesha\Desktop\everything-angular\angular-routes\package.json...
[14:22:55.996] [DEBUG] Using cached package.json for D:\Users\Shreesha\Desktop\everything-angular\angular-routes\package.json...
[14:22:55.997] [DEBUG] Using cached version for storybook...
[14:22:55.997] [DEBUG] Getting CLI versions from NPM for @storybook/angular...
[14:22:55.997] [DEBUG] Executing command: npm info @storybook/angular version
[14:22:55.999] [DEBUG] Resolved command variation: npm.cmd
[14:22:56.042] [DEBUG] Getting CLI versions from NPM for @storybook/addon-a11y...
[14:22:56.042] [DEBUG] Executing command: npm info @storybook/addon-a11y version
[14:22:56.044] [DEBUG] Resolved command variation: npm.cmd
[14:22:56.085] [DEBUG] Getting CLI versions from NPM for @storybook/addon-docs...
[14:22:56.085] [DEBUG] Executing command: npm info @storybook/addon-docs version
[14:22:56.087] [DEBUG] Resolved command variation: npm.cmd
[14:22:56.128] [DEBUG] Getting CLI versions from NPM for @compodoc/compodoc...
[14:22:56.128] [DEBUG] Executing command: npm info @compodoc/compodoc version
[14:22:56.130] [DEBUG] Resolved command variation: npm.cmd
[14:23:02.422] [INFO] base-generator-task: - Configuring main.ts
[14:23:02.425] [INFO] base-generator-task: - Configuring preview.ts
[14:23:02.429] [INFO] base-generator-task: - Copying framework templates
[14:23:02.501] [DEBUG] Executing command: npm config get registry --workspaces=false --include-workspace-root
[14:23:02.502] [DEBUG] Resolved command variation: npm.cmd
[14:23:04.634] [INFO] base-generator-task-success: Storybook configuration generated
[14:23:04.636] [INFO] adding-dependencies-task-start: Adding dependencies to package.json
[14:23:04.637] [INFO] adding-dependencies-task: Adding devDependencies:
- storybook@^10.4.4
- @storybook/angular@^10.4.4
- @storybook/addon-a11y@^10.4.4
- @storybook/addon-docs@^10.4.4
- @angular-devkit/build-angular@^22.0.0
- @angular-devkit/architect@^0.2200.0
- @angular-devkit/core@^22.0.0
- @angular/platform-browser-dynamic@^22.0.0
- @compodoc/compodoc@^1.2.1
[14:23:04.637] [DEBUG] Using cached package.json for D:\Users\Shreesha\Desktop\everything-angular\angular-routes\package.json...
[14:23:04.637] [DEBUG] Using cached version for storybook...
[14:23:04.637] [DEBUG] Using cached version for @storybook/angular...
[14:23:04.637] [DEBUG] Using cached version for @storybook/addon-a11y...
[14:23:04.637] [DEBUG] Using cached version for @storybook/addon-docs...
[14:23:04.637] [DEBUG] Getting CLI versions from NPM for @angular-devkit/build-angular...
[14:23:04.637] [DEBUG] Executing command: npm info @angular-devkit/build-angular version
[14:23:04.639] [DEBUG] Resolved command variation: npm.cmd
[14:23:09.084] [DEBUG] Getting CLI versions from NPM for @angular-devkit/architect...
[14:23:09.084] [DEBUG] Executing command: npm info @angular-devkit/architect version
[14:23:09.085] [DEBUG] Resolved command variation: npm.cmd
[14:23:12.432] [DEBUG] Getting CLI versions from NPM for @angular-devkit/core...
[14:23:12.432] [DEBUG] Executing command: npm info @angular-devkit/core version
[14:23:12.435] [DEBUG] Resolved command variation: npm.cmd
[14:23:15.937] [DEBUG] Getting CLI versions from NPM for @angular/platform-browser-dynamic...
[14:23:15.937] [DEBUG] Executing command: npm info @angular/platform-browser-dynamic version
[14:23:15.939] [DEBUG] Resolved command variation: npm.cmd
[14:23:18.909] [DEBUG] Using cached version for @compodoc/compodoc...
[14:23:18.909] [DEBUG] Using cached package.json for D:\Users\Shreesha\Desktop\everything-angular\angular-routes\package.json...
[14:23:18.910] [INFO] adding-dependencies-task-success: Dependencies added to package.json
[14:23:18.911] [INFO] Installing dependencies...
[14:23:18.911] [INFO] install-dependencies-spinner-start: Installing dependencies...
[14:23:18.912] [DEBUG] Executing command: npm install
[14:23:18.913] [DEBUG] Resolved command variation: npm.cmd
[14:23:24.742] [ERROR] Installation of dependencies failed! {"error":"ExecaError: Command failed with exit code 1: npm.cmd install\n\nnpm error code ERESOLVE\nnpm error ERESOLVE unable to resolve dependency tree\nnpm error\nnpm error While resolving: angular-routes@0.0.0\nnpm error Found: @angular-devkit/architect@0.2200.1\nnpm error node_modules/@angular-devkit/architect\nnpm error   dev @angular-devkit/architect@\"^0.2200.0\" from the root project\nnpm error\nnpm error Could not resolve dependency:\nnpm error peer @angular-devkit/architect@\">=0.1800.0 < 0.2200.0\" from @storybook/angular@10.4.4\nnpm error node_modules/@storybook/angular\nnpm error   dev @storybook/angular@\"^10.4.4\" from the root project\nnpm error\nnpm error Fix the upstream dependency conflict, or retry this command with --force or --legacy-peer-deps to accept an incorrect (and potentially broken) dependency resolution.\nnpm error\nnpm error\nnpm error For a full report see:\nnpm error D:\\Users\\Shreesha\\AppData\\Local\\npm-cache\\_logs\\2026-06-15T08_53_20_441Z-eresolve-report.txt\nnpm error A complete log of this run can be found in: D:\\Users\\Shreesha\\AppData\\Local\\npm-cache\\_logs\\2026-06-15T08_53_20_441Z-debug-0.log\n    at getFinalError (file:///D:/Users/Shreesha/AppData/Local/npm-cache/_npx/05823ecb1a3a987d/node_modules/storybook/dist/_node-chunks/chunk-3FBJJ3J7.js:11550:10)\n    at makeError (file:///D:/Users/Shreesha/AppData/Local/npm-cache/_npx/05823ecb1a3a987d/node_modules/storybook/dist/_node-chunks/chunk-3FBJJ3J7.js:13086:15)\n    at getAsyncResult (file:///D:/Users/Shreesha/AppData/Local/npm-cache/_npx/05823ecb1a3a987d/node_modules/storybook/dist/_node-chunks/chunk-3FBJJ3J7.js:15732:158)\n    at handlePromise (file:///D:/Users/Shreesha/AppData/Local/npm-cache/_npx/05823ecb1a3a987d/node_modules/storybook/dist/_node-chunks/chunk-3FBJJ3J7.js:15718:162)\n    at async Object.executeTaskWithSpinner (file:///D:/Users/Shreesha/AppData/Local/npm-cache/_npx/05823ecb1a3a987d/node_modules/storybook/dist/_node-chunks/chunk-3X73JSWN.js:3683:11)\n    at async NPMProxy.installDependencies (file:///D:/Users/Shreesha/AppData/Local/npm-cache/_npx/05823ecb1a3a987d/node_modules/storybook/dist/_node-chunks/chunk-3FBJJ3J7.js:9700:5)\n    at async NPMProxy.installDependencies (file:///D:/Users/Shreesha/AppData/Local/npm-cache/_npx/05823ecb1a3a987d/node_modules/storybook/dist/_node-chunks/chunk-3FBJJ3J7.js:16457:7)\n    at async DependencyInstallationCommand.execute (file:///D:/Users/Shreesha/AppData/Local/npm-cache/_npx/05823ecb1a3a987d/node_modules/create-storybook/dist/_node-chunks/chunk-S24RANRJ.js:2301:9)\n    at async doInitiate (file:///D:/Users/Shreesha/AppData/Local/npm-cache/_npx/05823ecb1a3a987d/node_modules/create-storybook/dist/_node-chunks/chunk-S24RANRJ.js:3535:38)\n    at async file:///D:/Users/Shreesha/AppData/Local/npm-cache/_npx/05823ecb1a3a987d/node_modules/create-storybook/dist/_node-chunks/chunk-S24RANRJ.js:3590:20"}
[14:23:24.742] [ERROR] install-dependencies-spinner-error: [31mInstallation of dependencies failed![39m
[14:23:24.748] [INFO] configure-addons-task-start: Configuring addons...
[14:23:24.748] [INFO] configure-addons-task: Configuring @storybook/addon-a11y...
[14:23:24.750] [DEBUG] Getting package.json info for D:/Users/Shreesha/Desktop/everything-angular/angular-routes/package.json...
[14:23:24.750] [DEBUG] Executing command: npx storybook@10.4.4 automigrate addon-a11y-addon-test --loglevel silent --skip-doctor --yes --package-manager npm --config-dir .storybook
[14:23:24.751] [DEBUG] Resolved command variation: npx.cmd
[14:24:27.483] [INFO] configure-addons-task: @storybook/addon-a11y configured

[14:24:27.484] [INFO] configure-addons-task: Configuring @storybook/addon-docs...
[14:24:27.487] [INFO] configure-addons-task: @storybook/addon-docs configured

[14:24:27.487] [INFO] configure-addons-task-success: Addons configured successfully
[14:24:27.488] [INFO] [2m✅ @storybook/addon-a11y[22m
[14:24:27.490] [INFO] [2m✅ @storybook/addon-docs[22m
[14:24:27.494] [WARN] Storybook setup completed, but some non-blocking errors occurred. Please check the log file below for details.
[14:24:27.495] [INFO] To run Storybook, run [36mng run angular-routes:storybook[39m. CTRL+C to stop.
[14:24:27.496] [INFO] Want to learn more about Storybook? [36mhttps://storybook.js.org/[39m
Having trouble or want to chat? [36mhttps://discord.gg/storybook/[39m